// Jest Snapshot v1, https://goo.gl/fbAQLP

exports[`Pruebas en el componente <IsLoading /> Debe de hacer match con el snapshot 1`] = `
<div>
  <div
    class="MuiBox-root css-cn3mpb"
  >
    <p
      class="MuiTypography-root MuiTypography-body1 css-f8nw7v-MuiTypography-root"
    >
      Is Loading ...
    </p>
    <span
      class="MuiCircularProgress-root MuiCircularProgress-indeterminate MuiCircularProgress-colorPrimary css-1n51an3-MuiCircularProgress-root"
      role="progressbar"
      style="width: 40px; height: 40px;"
    >
      <svg
        class="MuiCircularProgress-svg css-1idz92c-MuiCircularProgress-svg"
        viewBox="22 22 44 44"
      >
        <circle
          class="MuiCircularProgress-circle MuiCircularProgress-circleIndeterminate css-176wh8e-MuiCircularProgress-circle"
          cx="44"
          cy="44"
          fill="none"
          r="20.2"
          stroke-width="3.6"
        />
      </svg>
    </span>
  </div>
</div>
`;
