// Jest Snapshot v1, https://goo.gl/fbAQLP

exports[`Pruebas en el componente <PhoneCard /> Debe de hacer match con el snapshot con los valores enviados por props 1`] = `
<div>
  <div
    class="MuiPaper-root MuiPaper-elevation MuiPaper-rounded MuiPaper-elevation1 MuiCard-root animate__animated animate__fadeIn css-ame1d1-MuiPaper-root-MuiCard-root"
  >
    <div
      class="MuiBox-root css-j7qwjs"
    >
      <div
        class="MuiCardContent-root css-1qaznj3-MuiCardContent-root"
      >
        <div
          class="MuiTypography-root MuiTypography-h4 css-5lbw0b-MuiTypography-root"
          data-testid="test-collectionName"
        >
          Samsung
        </div>
        <div
          class="MuiTypography-root MuiTypography-subtitle1 css-ecpxie-MuiTypography-root"
        >
          Phone Model Test
        </div>
        <div
          class="MuiTypography-root MuiTypography-h5 css-9hy38x-MuiTypography-root"
        >
          Price: 
          150
           â‚¬
        </div>
      </div>
      <div
        class="MuiBox-root css-1ndgitk"
      >
        <button
          aria-label="btn-detail"
          class="MuiButtonBase-root MuiIconButton-root MuiIconButton-sizeMedium css-78trlr-MuiButtonBase-root-MuiIconButton-root"
          data-mui-internal-clone-element="true"
          tabindex="0"
          type="button"
        >
          <svg
            aria-hidden="true"
            class="MuiSvgIcon-root MuiSvgIcon-fontSizeLarge css-tzssek-MuiSvgIcon-root"
            data-testid="AddCircleIcon"
            focusable="false"
            viewBox="0 0 24 24"
          >
            <path
              d="M12 2C6.48 2 2 6.48 2 12s4.48 10 10 10 10-4.48 10-10S17.52 2 12 2zm5 11h-4v4h-2v-4H7v-2h4V7h2v4h4v2z"
            />
          </svg>
          <span
            class="MuiTouchRipple-root css-8je8zh-MuiTouchRipple-root"
          />
        </button>
      </div>
    </div>
    <img
      alt="Phone Model Test"
      class="MuiCardMedia-root MuiCardMedia-media MuiCardMedia-img css-16z2ejl-MuiCardMedia-root"
      src="phone_test_img.jpg"
    />
  </div>
</div>
`;
